This is pdfTeX, Version 3.141592653-2.6-1.40.28 (MiKTeX 25.12) (preloaded format=pdflatex 2026.2.25)  14 JUN 2026 21:22
entering extended mode
 restricted \write18 enabled.
 %&-line parsing enabled.
**./main.tex
(main.tex
LaTeX2e <2025-11-01>
L3 programming layer <2025-12-24>
(C:\Users\noham\AppData\Local\Programs\MiKTeX\tex/latex/base\article.cls
Document Class: article 2025/01/22 v1.4n Standard LaTeX document class
(C:\Users\noham\AppData\Local\Programs\MiKTeX\tex/latex/base\size10.clo
File: size10.clo 2025/01/22 v1.4n Standard LaTeX file (size option)
)
\c@part=\count275
\c@section=\count276
\c@subsection=\count277
\c@subsubsection=\count278
\c@paragraph=\count279
\c@subparagraph=\count280
\c@figure=\count281
\c@table=\count282
\abovecaptionskip=\skip49
\belowcaptionskip=\skip50
\bibindent=\dimen148
)
(aaai.sty
Conference Style for AAAI for LaTeX 2e -- version of 1 December 2013
\titlebox=\skip51
) (C:\Users\noham\AppData\Local\Programs\MiKTeX\tex/latex/psnfss\times.sty
Package: times 2020/03/25 PSNFSS-v9.3 (SPQR) 
)
(C:\Users\noham\AppData\Local\Programs\MiKTeX\tex/latex/psnfss\helvet.sty
Package: helvet 2020/03/25 PSNFSS-v9.3 (WaS) 

(C:\Users\noham\AppData\Local\Programs\MiKTeX\tex/latex/graphics\keyval.sty
Package: keyval 2022/05/29 v1.15 key=value parser (DPC)
\KV@toks@=\toks17
))
(C:\Users\noham\AppData\Local\Programs\MiKTeX\tex/latex/psnfss\courier.sty
Package: courier 2020/03/25 PSNFSS-v9.3 (WaS) 
)
(C:\Users\noham\AppData\Local\Programs\MiKTeX\tex/latex/graphics\graphicx.sty
Package: graphicx 2024/12/31 v1.2e Enhanced LaTeX Graphics (DPC,SPQR)

(C:\Users\noham\AppData\Local\Programs\MiKTeX\tex/latex/graphics\graphics.sty
Package: graphics 2024/08/06 v1.4g Standard LaTeX Graphics (DPC,SPQR)

(C:\Users\noham\AppData\Local\Programs\MiKTeX\tex/latex/graphics\trig.sty
Package: trig 2023/12/02 v1.11 sin cos tan (DPC)
)
(C:\Users\noham\AppData\Local\Programs\MiKTeX\tex/latex/graphics-cfg\graphics.c
fg
File: graphics.cfg 2016/06/04 v1.11 sample graphics configuration
)
Package graphics Info: Driver file: pdftex.def on input line 106.

(C:\Users\noham\AppData\Local\Programs\MiKTeX\tex/latex/graphics-def\pdftex.def
File: pdftex.def 2025/09/29 v1.2d Graphics/color driver for pdftex
))
\Gin@req@height=\dimen149
\Gin@req@width=\dimen150
)
(C:\Users\noham\AppData\Local\Programs\MiKTeX\tex/latex/booktabs\booktabs.sty
Package: booktabs 2020/01/12 v1.61803398 Publication quality tables
\heavyrulewidth=\dimen151
\lightrulewidth=\dimen152
\cmidrulewidth=\dimen153
\belowrulesep=\dimen154
\belowbottomsep=\dimen155
\aboverulesep=\dimen156
\abovetopsep=\dimen157
\cmidrulesep=\dimen158
\cmidrulekern=\dimen159
\defaultaddspace=\dimen160
\@cmidla=\count283
\@cmidlb=\count284
\@aboverulesep=\dimen161
\@belowrulesep=\dimen162
\@thisruleclass=\count285
\@lastruleclass=\count286
\@thisrulewidth=\dimen163
)
(C:\Users\noham\AppData\Local\Programs\MiKTeX\tex/latex/tools\array.sty
Package: array 2025/09/25 v2.6n Tabular extension package (FMi)
\col@sep=\dimen164
\ar@mcellbox=\box53
\extrarowheight=\dimen165
\NC@list=\toks18
\extratabsurround=\skip52
\backup@length=\skip53
\ar@cellbox=\box54
)
(C:\Users\noham\AppData\Local\Programs\MiKTeX\tex/latex/float\float.sty
Package: float 2001/11/08 v1.3d Float enhancements (AL)
\c@float@type=\count287
\float@exts=\toks19
\float@box=\box55
\@float@everytoks=\toks20
\@floatcapt=\box56
)
(C:\Users\noham\AppData\Local\Programs\MiKTeX\tex/latex/amsmath\amsmath.sty
Package: amsmath 2025/07/09 v2.17z AMS math features
\@mathmargin=\skip54

For additional information on amsmath, use the `?' option.
(C:\Users\noham\AppData\Local\Programs\MiKTeX\tex/latex/amsmath\amstext.sty
Package: amstext 2024/11/17 v2.01 AMS text

(C:\Users\noham\AppData\Local\Programs\MiKTeX\tex/latex/amsmath\amsgen.sty
File: amsgen.sty 1999/11/30 v2.0 generic functions
\@emptytoks=\toks21
\ex@=\dimen166
))
(C:\Users\noham\AppData\Local\Programs\MiKTeX\tex/latex/amsmath\amsbsy.sty
Package: amsbsy 1999/11/29 v1.2d Bold Symbols
\pmbraise@=\dimen167
)
(C:\Users\noham\AppData\Local\Programs\MiKTeX\tex/latex/amsmath\amsopn.sty
Package: amsopn 2022/04/08 v2.04 operator names
)
\inf@bad=\count288
LaTeX Info: Redefining \frac on input line 233.
\uproot@=\count289
\leftroot@=\count290
LaTeX Info: Redefining \overline on input line 398.
LaTeX Info: Redefining \colon on input line 409.
\classnum@=\count291
\DOTSCASE@=\count292
LaTeX Info: Redefining \ldots on input line 495.
LaTeX Info: Redefining \dots on input line 498.
LaTeX Info: Redefining \cdots on input line 619.
\Mathstrutbox@=\box57
\strutbox@=\box58
LaTeX Info: Redefining \big on input line 721.
LaTeX Info: Redefining \Big on input line 722.
LaTeX Info: Redefining \bigg on input line 723.
LaTeX Info: Redefining \Bigg on input line 724.
\big@size=\dimen168
LaTeX Font Info:    Redeclaring font encoding OML on input line 742.
LaTeX Font Info:    Redeclaring font encoding OMS on input line 743.
\macc@depth=\count293
LaTeX Info: Redefining \bmod on input line 904.
LaTeX Info: Redefining \pmod on input line 909.
LaTeX Info: Redefining \smash on input line 939.
LaTeX Info: Redefining \relbar on input line 969.
LaTeX Info: Redefining \Relbar on input line 970.
\c@MaxMatrixCols=\count294
\dotsspace@=\muskip17
\c@parentequation=\count295
\dspbrk@lvl=\count296
\tag@help=\toks22
\row@=\count297
\column@=\count298
\maxfields@=\count299
\andhelp@=\toks23
\eqnshift@=\dimen169
\alignsep@=\dimen170
\tagshift@=\dimen171
\tagwidth@=\dimen172
\totwidth@=\dimen173
\lineht@=\dimen174
\@envbody=\toks24
\multlinegap=\skip55
\multlinetaggap=\skip56
\mathdisplay@stack=\toks25
LaTeX Info: Redefining \[ on input line 2950.
LaTeX Info: Redefining \] on input line 2951.
)
(C:\Users\noham\AppData\Local\Programs\MiKTeX\tex/latex/amsfonts\amssymb.sty
Package: amssymb 2013/01/14 v3.01 AMS font symbols

(C:\Users\noham\AppData\Local\Programs\MiKTeX\tex/latex/amsfonts\amsfonts.sty
Package: amsfonts 2013/01/14 v3.01 Basic AMSFonts support
\symAMSa=\mathgroup4
\symAMSb=\mathgroup5
LaTeX Font Info:    Redeclaring math symbol \hbar on input line 98.
LaTeX Font Info:    Overwriting math alphabet `\mathfrak' in version `bold'
(Font)                  U/euf/m/n --> U/euf/b/n on input line 106.
)) (C:\Users\noham\AppData\Local\Programs\MiKTeX\tex/latex/enumitem\enumitem.st
y
Package: enumitem 2025/02/06 v3.11 Customized lists
\labelindent=\skip57
\enit@outerparindent=\dimen175
\enit@toks=\toks26
\enit@inbox=\box59
\enit@count@id=\count300
\enitdp@description=\count301
) (C:\Users\noham\AppData\Local\Programs\MiKTeX\tex/latex/url\url.sty
\Urlmuskip=\muskip18
Package: url 2013/09/16  ver 3.4  Verb mode for urls, etc.
)
LaTeX Info: Redefining \cite on input line 50.
LaTeX Font Info:    Trying to load font information for OT1+ptm on input line 1
03.

(C:\Users\noham\AppData\Local\Programs\MiKTeX\tex/latex/psnfss\ot1ptm.fd
File: ot1ptm.fd 2001/06/04 font definitions for OT1/ptm.
)
(C:\Users\noham\AppData\Local\Programs\MiKTeX\tex/latex/l3backend\l3backend-pdf
tex.def
File: l3backend-pdftex.def 2025-10-09 L3 backend support: PDF output (pdfTeX)
\l__color_backend_stack_int=\count302
) (main.aux)
\openout1 = `main.aux'.

LaTeX Font Info:    Checking defaults for OML/cmm/m/it on input line 103.
LaTeX Font Info:    ... okay on input line 103.
LaTeX Font Info:    Checking defaults for OMS/cmsy/m/n on input line 103.
LaTeX Font Info:    ... okay on input line 103.
LaTeX Font Info:    Checking defaults for OT1/cmr/m/n on input line 103.
LaTeX Font Info:    ... okay on input line 103.
LaTeX Font Info:    Checking defaults for T1/cmr/m/n on input line 103.
LaTeX Font Info:    ... okay on input line 103.
LaTeX Font Info:    Checking defaults for TS1/cmr/m/n on input line 103.
LaTeX Font Info:    ... okay on input line 103.
LaTeX Font Info:    Checking defaults for OMX/cmex/m/n on input line 103.
LaTeX Font Info:    ... okay on input line 103.
LaTeX Font Info:    Checking defaults for U/cmr/m/n on input line 103.
LaTeX Font Info:    ... okay on input line 103.

(C:\Users\noham\AppData\Local\Programs\MiKTeX\tex/context/base/mkii\supp-pdf.mk
ii
[Loading MPS to PDF converter (version 2006.09.02).]
\scratchcounter=\count303
\scratchdimen=\dimen176
\scratchbox=\box60
\nofMPsegments=\count304
\nofMParguments=\count305
\everyMPshowfont=\toks27
\MPscratchCnt=\count306
\MPscratchDim=\dimen177
\MPnumerator=\count307
\makeMPintoPDFobject=\count308
\everyMPtoPDFconversion=\toks28
)
(C:\Users\noham\AppData\Local\Programs\MiKTeX\tex/latex/epstopdf-pkg\epstopdf-b
ase.sty
Package: epstopdf-base 2020-01-24 v2.11 Base part for package epstopdf
Package epstopdf-base Info: Redefining graphics rule for `.eps' on input line 4
85.

(C:\Users\noham\AppData\Local\Programs\MiKTeX\tex/latex/00miktex\epstopdf-sys.c
fg
File: epstopdf-sys.cfg 2021/03/18 v2.0 Configuration of epstopdf for MiKTeX
))
LaTeX Font Info:    Trying to load font information for U+msa on input line 104
.
 (C:\Users\noham\AppData\Local\Programs\MiKTeX\tex/latex/amsfonts\umsa.fd
File: umsa.fd 2013/01/14 v3.01 AMS symbols A
)
LaTeX Font Info:    Trying to load font information for U+msb on input line 104
.

(C:\Users\noham\AppData\Local\Programs\MiKTeX\tex/latex/amsfonts\umsb.fd
File: umsb.fd 2013/01/14 v3.01 AMS symbols B
)
LaTeX Font Info:    Trying to load font information for OT1+pcr on input line 1
04.

(C:\Users\noham\AppData\Local\Programs\MiKTeX\tex/latex/psnfss\ot1pcr.fd
File: ot1pcr.fd 2001/06/04 font definitions for OT1/pcr.
)
LaTeX Font Info:    Trying to load font information for TS1+ptm on input line 1
04.

(C:\Users\noham\AppData\Local\Programs\MiKTeX\tex/latex/psnfss\ts1ptm.fd
File: ts1ptm.fd 2001/06/04 font definitions for TS1/ptm.
)
<figures/plot_a_similarities_sample_9.png, id=1, 858.5676pt x 423.5022pt>
File: figures/plot_a_similarities_sample_9.png Graphic file (type png)
<use figures/plot_a_similarities_sample_9.png>
Package pdftex.def Info: figures/plot_a_similarities_sample_9.png  used on inpu
t line 164.
(pdftex.def)             Requested size: 239.39438pt x 118.08221pt.

Underfull \vbox (badness 1173) has occurred while \output is active []

 [1{C:/Users/noham/AppData/Local/MiKTeX/fonts/map/pdftex/pdftex.map}{C:/Users/n
oham/AppData/Local/Programs/MiKTeX/fonts/enc/dvips/base/8r.enc}



 <./figures/plot_a_similarities_sample_9.png>] [2]
Underfull \hbox (badness 10000) in paragraph at lines 303--304
[]|\OT1/ptm/b/n/9 Relevant /
 []


Underfull \hbox (badness 10000) in paragraph at lines 307--307
[]|\OT1/ptm/m/n/9 CrossEntityQA
 []


Underfull \hbox (badness 10000) in paragraph at lines 321--321
[]|\OT1/ptm/m/n/9 Category+price
 []


Underfull \hbox (badness 1436) in paragraph at lines 340--347
[]\OT1/ptm/b/n/10 HC pipeline in-te-gra-tions. \OT1/ptm/m/n/10 We re-place fixe
d Top-$\OML/cmm/m/it/10 k$
 []


Underfull \hbox (badness 5133) in paragraph at lines 407--407
[]\OT1/ptm/m/n/10 Table 2: Pipeline 1: Adaptive-RAG rout-ing (BM25,
 []

[3] [4]
<figures/fig_methodcompare.png, id=30, 541.5432pt x 263.0628pt>
File: figures/fig_methodcompare.png Graphic file (type png)
<use figures/fig_methodcompare.png>
Package pdftex.def Info: figures/fig_methodcompare.png  used on input line 611.

(pdftex.def)             Requested size: 239.39438pt x 116.28987pt.
<figures/fig_electronics_qa.png, id=31, 578.16pt x 361.35pt>
File: figures/fig_electronics_qa.png Graphic file (type png)
<use figures/fig_electronics_qa.png>
Package pdftex.def Info: figures/fig_electronics_qa.png  used on input line 671
.
(pdftex.def)             Requested size: 239.39438pt x 149.62111pt.

Underfull \hbox (badness 10000) in paragraph at lines 679--690
 \OT1/ptm/b/n/10 An-swer-ing the pre-sen-ta-tion feed-back. \OT1/ptm/m/n/10 Our
 final-
 []

[5 <./figures/fig_methodcompare.png> <./figures/fig_electronics_qa.png>]
(main.bbl
Underfull \hbox (badness 1668) in paragraph at lines 23--27
[]\OT1/ptm/m/n/10 Olive Jean Dunn.  Mul-ti-ple com-par-isons among
 []


Underfull \hbox (badness 2426) in paragraph at lines 41--44
[]\OT1/ptm/m/n/10 Jeff John-son, Matthijs Douze, and Herv[]e J[]egou.
 []


Underfull \hbox (badness 1005) in paragraph at lines 41--44
\OT1/ptm/m/n/10 Billion-scale sim-i-lar-ity search with GPUs.  \OT1/ptm/m/it/10
 IEEE
 []


Underfull \hbox (badness 2189) in paragraph at lines 46--51
\OT1/ptm/m/n/10 Se-bas-tian Riedel, and Douwe Kiela.  Retrieval-
 []


Underfull \hbox (badness 10000) in paragraph at lines 58--61
\OT1/pcr/m/n/10 https : / / github . com / facebookresearch /
 []


Underfull \hbox (badness 2884) in paragraph at lines 77--81
[]\OT1/ptm/m/n/10 Harsh Trivedi, Ni-ran-jan Bal-a-sub-ra-ma-nian, Tushar
 []


Underfull \hbox (badness 10000) in paragraph at lines 89--92
[]\OT1/ptm/m/n/10 Shitao Xiao, Zheng Liu, Peitian Zhang, and
 []


Underfull \hbox (badness 10000) in paragraph at lines 89--92
\OT1/ptm/m/n/10 Niklas Muen-nighoff.  C-Pack: Pack-aged re-
 []


Underfull \hbox (badness 10000) in paragraph at lines 89--92
\OT1/ptm/m/n/10 sources to ad-vance gen-eral chi-nese em-bed-
 []


Underfull \hbox (badness 10000) in paragraph at lines 89--92
\OT1/ptm/m/n/10 ding.  $\OT1/pcr/m/n/10 https : / / huggingface . co / BAAI /
 []

)
Overfull \hbox (2.0335pt too wide) in paragraph at lines 734--734
[]|\OT1/ptm/b/n/9 Wk| 
 []


Underfull \hbox (badness 3525) in paragraph at lines 741--742
\OT1/ptm/m/n/9 relevance bench-mark to sur-face HC's tar-get regime
 []


Underfull \vbox (badness 10000) has occurred while \output is active []

 [6]
Underfull \hbox (badness 2205) in paragraph at lines 750--752
\OT1/ptm/m/n/10 Figure 4[] shows the full of-fline/online pipeline; ev-ery
 []

<figures/rag_pipeline.png, id=41, 717.882pt x 238.491pt>
File: figures/rag_pipeline.png Graphic file (type png)
<use figures/rag_pipeline.png>
Package pdftex.def Info: figures/rag_pipeline.png  used on input line 755.
(pdftex.def)             Requested size: 239.39438pt x 79.52834pt.

LaTeX Warning: `h' float specifier changed to `ht'.


Overfull \hbox (29.37784pt too wide) in paragraph at lines 773--792
 [][] 
 []


LaTeX Warning: `h' float specifier changed to `ht'.


Underfull \hbox (badness 2042) in paragraph at lines 798--803
\OT1/ptm/m/n/10 It guar-an-tees a con-trol-lable per-query rel-e-vance count
 []


Underfull \hbox (badness 2644) in paragraph at lines 798--803
\OT1/ptm/m/n/10 ($\OML/cmm/m/it/10 K[]\OT1/cmr/m/n/10 2$\OT1/ptm/m/n/10 --20) a
nd a sparse cor-pus (about 2% rel-e-vant),
 []


Underfull \hbox (badness 1968) in paragraph at lines 798--803
\OT1/ptm/m/n/10 the two prop-er-ties that make the bench-mark a stress
 []


Underfull \hbox (badness 5893) in paragraph at lines 798--803
\OT1/ptm/m/n/10 test for adaptive-$\OML/cmm/m/it/10 k$ \OT1/ptm/m/n/10 re-triev
al. Gen-er-a-tion code is in
 []

<figures/cross_entity_qa.png, id=42, 711.8595pt x 121.6545pt>
File: figures/cross_entity_qa.png Graphic file (type png)
<use figures/cross_entity_qa.png>
Package pdftex.def Info: figures/cross_entity_qa.png  used on input line 806.
(pdftex.def)             Requested size: 239.39438pt x 40.91089pt.

Underfull \hbox (badness 1983) in paragraph at lines 811--811
[]\OT1/ptm/m/n/10 Figure 5: CrossEn-ti-tyQA con-struc-tion. Wiki-data en-tity
 []

[7 <./figures/rag_pipeline.png> <./figures/cross_entity_qa.png>]
<figures/fiqa_null_pvalues.png, id=49, 692.5875pt x 578.16pt>
File: figures/fiqa_null_pvalues.png Graphic file (type png)
<use figures/fiqa_null_pvalues.png>
Package pdftex.def Info: figures/fiqa_null_pvalues.png  used on input line 828.

(pdftex.def)             Requested size: 239.39438pt x 199.83594pt.

Underfull \hbox (badness 1168) in paragraph at lines 833--833
\OT1/ptm/m/n/10 (BEIR FiQA). The em-pir-i-cal null is uni-form (top-left;
 []

[8

 <./figures/fiqa_null_pvalues.png>] (main.aux)
 ***********
LaTeX2e <2025-11-01>
L3 programming layer <2025-12-24>
 ***********
 ) 
Here is how much of TeX's memory you used:
 3569 strings out of 467871
 54737 string characters out of 5418376
 476419 words of memory out of 5000000
 32385 multiletter control sequences out of 15000+600000
 657986 words of font info for 104 fonts, out of 8000000 for 9000
 1141 hyphenation exceptions out of 8191
 57i,11n,65p,571b,300s stack positions out of 10000i,1000n,20000p,200000b,200000s
<C:/Users/noham/AppData/Local/Programs/MiKTeX/fonts/type1/public/amsfonts/cm/
cmex10.pfb><C:/Users/noham/AppData/Local/Programs/MiKTeX/fonts/type1/public/ams
fonts/cm/cmmi10.pfb><C:/Users/noham/AppData/Local/Programs/MiKTeX/fonts/type1/p
ublic/amsfonts/cm/cmmi7.pfb><C:/Users/noham/AppData/Local/Programs/MiKTeX/fonts
/type1/public/amsfonts/cm/cmmi9.pfb><C:/Users/noham/AppData/Local/Programs/MiKT
eX/fonts/type1/public/amsfonts/cm/cmr10.pfb><C:/Users/noham/AppData/Local/Progr
ams/MiKTeX/fonts/type1/public/amsfonts/cm/cmr7.pfb><C:/Users/noham/AppData/Loca
l/Programs/MiKTeX/fonts/type1/public/amsfonts/cm/cmr9.pfb><C:/Users/noham/AppDa
ta/Local/Programs/MiKTeX/fonts/type1/public/amsfonts/cm/cmsy10.pfb><C:/Users/no
ham/AppData/Local/Programs/MiKTeX/fonts/type1/public/amsfonts/cm/cmsy7.pfb><C:/
Users/noham/AppData/Local/Programs/MiKTeX/fonts/type1/public/amsfonts/cm/cmsy9.
pfb><C:/Users/noham/AppData/Local/Programs/MiKTeX/fonts/type1/urw/courier/ucrr8
a.pfb><C:/Users/noham/AppData/Local/Programs/MiKTeX/fonts/type1/urw/times/utmb8
a.pfb><C:/Users/noham/AppData/Local/Programs/MiKTeX/fonts/type1/urw/times/utmr8
a.pfb><C:/Users/noham/AppData/Local/Programs/MiKTeX/fonts/type1/urw/times/utmri
8a.pfb>
Output written on main.pdf (8 pages, 721009 bytes).
PDF statistics:
 113 PDF objects out of 1000 (max. 8388607)
 0 named destinations out of 1000 (max. 500000)
 31 words of extra memory for PDF output out of 10000 (max. 10000000)

