This is pdfTeX, Version 3.141592653-2.6-1.40.28 (MiKTeX 25.12) (preloaded format=pdflatex 2026.2.25)  7 JUN 2026 18:10
entering extended mode
 restricted \write18 enabled.
 %&-line parsing enabled.
**./main_v2.tex
(main_v2.tex
LaTeX2e <2025-11-01>
L3 programming layer <2025-12-24>
(C:\Users\noham\AppData\Local\Programs\MiKTeX\tex/latex/base\article.cls
Document Class: article 2025/01/22 v1.4n Standard LaTeX document class
(C:\Users\noham\AppData\Local\Programs\MiKTeX\tex/latex/base\size10.clo
File: size10.clo 2025/01/22 v1.4n Standard LaTeX file (size option)
)
\c@part=\count275
\c@section=\count276
\c@subsection=\count277
\c@subsubsection=\count278
\c@paragraph=\count279
\c@subparagraph=\count280
\c@figure=\count281
\c@table=\count282
\abovecaptionskip=\skip49
\belowcaptionskip=\skip50
\bibindent=\dimen148
)
(aaai.sty
Conference Style for AAAI for LaTeX 2e -- version of 1 December 2013
\titlebox=\skip51
) (C:\Users\noham\AppData\Local\Programs\MiKTeX\tex/latex/psnfss\times.sty
Package: times 2020/03/25 PSNFSS-v9.3 (SPQR) 
)
(C:\Users\noham\AppData\Local\Programs\MiKTeX\tex/latex/psnfss\helvet.sty
Package: helvet 2020/03/25 PSNFSS-v9.3 (WaS) 

(C:\Users\noham\AppData\Local\Programs\MiKTeX\tex/latex/graphics\keyval.sty
Package: keyval 2022/05/29 v1.15 key=value parser (DPC)
\KV@toks@=\toks17
))
(C:\Users\noham\AppData\Local\Programs\MiKTeX\tex/latex/psnfss\courier.sty
Package: courier 2020/03/25 PSNFSS-v9.3 (WaS) 
)
(C:\Users\noham\AppData\Local\Programs\MiKTeX\tex/latex/graphics\graphicx.sty
Package: graphicx 2024/12/31 v1.2e Enhanced LaTeX Graphics (DPC,SPQR)

(C:\Users\noham\AppData\Local\Programs\MiKTeX\tex/latex/graphics\graphics.sty
Package: graphics 2024/08/06 v1.4g Standard LaTeX Graphics (DPC,SPQR)

(C:\Users\noham\AppData\Local\Programs\MiKTeX\tex/latex/graphics\trig.sty
Package: trig 2023/12/02 v1.11 sin cos tan (DPC)
)
(C:\Users\noham\AppData\Local\Programs\MiKTeX\tex/latex/graphics-cfg\graphics.c
fg
File: graphics.cfg 2016/06/04 v1.11 sample graphics configuration
)
Package graphics Info: Driver file: pdftex.def on input line 106.

(C:\Users\noham\AppData\Local\Programs\MiKTeX\tex/latex/graphics-def\pdftex.def
File: pdftex.def 2025/09/29 v1.2d Graphics/color driver for pdftex
))
\Gin@req@height=\dimen149
\Gin@req@width=\dimen150
)
(C:\Users\noham\AppData\Local\Programs\MiKTeX\tex/latex/booktabs\booktabs.sty
Package: booktabs 2020/01/12 v1.61803398 Publication quality tables
\heavyrulewidth=\dimen151
\lightrulewidth=\dimen152
\cmidrulewidth=\dimen153
\belowrulesep=\dimen154
\belowbottomsep=\dimen155
\aboverulesep=\dimen156
\abovetopsep=\dimen157
\cmidrulesep=\dimen158
\cmidrulekern=\dimen159
\defaultaddspace=\dimen160
\@cmidla=\count283
\@cmidlb=\count284
\@aboverulesep=\dimen161
\@belowrulesep=\dimen162
\@thisruleclass=\count285
\@lastruleclass=\count286
\@thisrulewidth=\dimen163
)
(C:\Users\noham\AppData\Local\Programs\MiKTeX\tex/latex/amsmath\amsmath.sty
Package: amsmath 2025/07/09 v2.17z AMS math features
\@mathmargin=\skip52

For additional information on amsmath, use the `?' option.
(C:\Users\noham\AppData\Local\Programs\MiKTeX\tex/latex/amsmath\amstext.sty
Package: amstext 2024/11/17 v2.01 AMS text

(C:\Users\noham\AppData\Local\Programs\MiKTeX\tex/latex/amsmath\amsgen.sty
File: amsgen.sty 1999/11/30 v2.0 generic functions
\@emptytoks=\toks18
\ex@=\dimen164
))
(C:\Users\noham\AppData\Local\Programs\MiKTeX\tex/latex/amsmath\amsbsy.sty
Package: amsbsy 1999/11/29 v1.2d Bold Symbols
\pmbraise@=\dimen165
)
(C:\Users\noham\AppData\Local\Programs\MiKTeX\tex/latex/amsmath\amsopn.sty
Package: amsopn 2022/04/08 v2.04 operator names
)
\inf@bad=\count287
LaTeX Info: Redefining \frac on input line 233.
\uproot@=\count288
\leftroot@=\count289
LaTeX Info: Redefining \overline on input line 398.
LaTeX Info: Redefining \colon on input line 409.
\classnum@=\count290
\DOTSCASE@=\count291
LaTeX Info: Redefining \ldots on input line 495.
LaTeX Info: Redefining \dots on input line 498.
LaTeX Info: Redefining \cdots on input line 619.
\Mathstrutbox@=\box53
\strutbox@=\box54
LaTeX Info: Redefining \big on input line 721.
LaTeX Info: Redefining \Big on input line 722.
LaTeX Info: Redefining \bigg on input line 723.
LaTeX Info: Redefining \Bigg on input line 724.
\big@size=\dimen166
LaTeX Font Info:    Redeclaring font encoding OML on input line 742.
LaTeX Font Info:    Redeclaring font encoding OMS on input line 743.
\macc@depth=\count292
LaTeX Info: Redefining \bmod on input line 904.
LaTeX Info: Redefining \pmod on input line 909.
LaTeX Info: Redefining \smash on input line 939.
LaTeX Info: Redefining \relbar on input line 969.
LaTeX Info: Redefining \Relbar on input line 970.
\c@MaxMatrixCols=\count293
\dotsspace@=\muskip17
\c@parentequation=\count294
\dspbrk@lvl=\count295
\tag@help=\toks19
\row@=\count296
\column@=\count297
\maxfields@=\count298
\andhelp@=\toks20
\eqnshift@=\dimen167
\alignsep@=\dimen168
\tagshift@=\dimen169
\tagwidth@=\dimen170
\totwidth@=\dimen171
\lineht@=\dimen172
\@envbody=\toks21
\multlinegap=\skip53
\multlinetaggap=\skip54
\mathdisplay@stack=\toks22
LaTeX Info: Redefining \[ on input line 2950.
LaTeX Info: Redefining \] on input line 2951.
)
(C:\Users\noham\AppData\Local\Programs\MiKTeX\tex/latex/url\url.sty
\Urlmuskip=\muskip18
Package: url 2013/09/16  ver 3.4  Verb mode for urls, etc.
)
LaTeX Font Info:    Trying to load font information for OT1+ptm on input line 9
3.

(C:\Users\noham\AppData\Local\Programs\MiKTeX\tex/latex/psnfss\ot1ptm.fd
File: ot1ptm.fd 2001/06/04 font definitions for OT1/ptm.
)
(C:\Users\noham\AppData\Local\Programs\MiKTeX\tex/latex/l3backend\l3backend-pdf
tex.def
File: l3backend-pdftex.def 2025-10-09 L3 backend support: PDF output (pdfTeX)
\l__color_backend_stack_int=\count299
) (main_v2.aux)
\openout1 = `main_v2.aux'.

LaTeX Font Info:    Checking defaults for OML/cmm/m/it on input line 93.
LaTeX Font Info:    ... okay on input line 93.
LaTeX Font Info:    Checking defaults for OMS/cmsy/m/n on input line 93.
LaTeX Font Info:    ... okay on input line 93.
LaTeX Font Info:    Checking defaults for OT1/cmr/m/n on input line 93.
LaTeX Font Info:    ... okay on input line 93.
LaTeX Font Info:    Checking defaults for T1/cmr/m/n on input line 93.
LaTeX Font Info:    ... okay on input line 93.
LaTeX Font Info:    Checking defaults for TS1/cmr/m/n on input line 93.
LaTeX Font Info:    ... okay on input line 93.
LaTeX Font Info:    Checking defaults for OMX/cmex/m/n on input line 93.
LaTeX Font Info:    ... okay on input line 93.
LaTeX Font Info:    Checking defaults for U/cmr/m/n on input line 93.
LaTeX Font Info:    ... okay on input line 93.

(C:\Users\noham\AppData\Local\Programs\MiKTeX\tex/context/base/mkii\supp-pdf.mk
ii
[Loading MPS to PDF converter (version 2006.09.02).]
\scratchcounter=\count300
\scratchdimen=\dimen173
\scratchbox=\box55
\nofMPsegments=\count301
\nofMParguments=\count302
\everyMPshowfont=\toks23
\MPscratchCnt=\count303
\MPscratchDim=\dimen174
\MPnumerator=\count304
\makeMPintoPDFobject=\count305
\everyMPtoPDFconversion=\toks24
)
(C:\Users\noham\AppData\Local\Programs\MiKTeX\tex/latex/epstopdf-pkg\epstopdf-b
ase.sty
Package: epstopdf-base 2020-01-24 v2.11 Base part for package epstopdf
Package epstopdf-base Info: Redefining graphics rule for `.eps' on input line 4
85.

(C:\Users\noham\AppData\Local\Programs\MiKTeX\tex/latex/00miktex\epstopdf-sys.c
fg
File: epstopdf-sys.cfg 2021/03/18 v2.0 Configuration of epstopdf for MiKTeX
))
LaTeX Font Info:    Trying to load font information for OT1+pcr on input line 9
4.
 (C:\Users\noham\AppData\Local\Programs\MiKTeX\tex/latex/psnfss\ot1pcr.fd
File: ot1pcr.fd 2001/06/04 font definitions for OT1/pcr.
)
LaTeX Font Info:    Trying to load font information for TS1+ptm on input line 9
4.

(C:\Users\noham\AppData\Local\Programs\MiKTeX\tex/latex/psnfss\ts1ptm.fd
File: ts1ptm.fd 2001/06/04 font definitions for TS1/ptm.
)
[1{C:/Users/noham/AppData/Local/MiKTeX/fonts/map/pdftex/pdftex.map}{C:/Users/no
ham/AppData/Local/Programs/MiKTeX/fonts/enc/dvips/base/8r.enc}



]
LaTeX Font Info:    Trying to load font information for OMS+ptm on input line 1
95.

(C:\Users\noham\AppData\Local\Programs\MiKTeX\tex/latex/psnfss\omsptm.fd
File: omsptm.fd 
)
LaTeX Font Info:    Font shape `OMS/ptm/m/n' in size <10> not available
(Font)              Font shape `OMS/cmsy/m/n' tried instead on input line 195.

Overfull \hbox (9.91974pt too wide) in paragraph at lines 242--260
 [][] 
 []


Underfull \hbox (badness 10000) in paragraph at lines 284--294
\OT1/ptm/m/n/10 The \OT1/ptm/b/n/10 con-trolled Ama-zon \OT1/ptm/m/n/10 dataset
s are
 []


Underfull \hbox (badness 10000) in paragraph at lines 284--294
\OT1/ptm/m/n/10 the core of this study, all de-rived from
 []


Underfull \hbox (badness 4429) in paragraph at lines 284--294
\OT1/pcr/m/n/10 McAuley-Lab/Amazon-Reviews-2023 \OT1/ptm/m/n/10 with Ope-
 []


Underfull \hbox (badness 3803) in paragraph at lines 284--294
\OT1/pcr/m/n/10 IndexFlatIP\OT1/ptm/m/n/10 : \OT1/ptm/b/n/10 Category-Key \OT1/
ptm/m/n/10 (44 ``largest cities in
 []


Underfull \hbox (badness 1242) in paragraph at lines 284--294
\OML/cmm/m/it/10 X$\OT1/ptm/m/n/10 '' queries over 726 pas-sages, vari-able tru
e $\OML/cmm/m/it/10 K$\OT1/ptm/m/n/10 , BGE
 []


Underfull \hbox (badness 4144) in paragraph at lines 284--294
\OT1/ptm/m/n/10 three de-part-ments, 135 category$\OT1/cmr/m/n/10 +$\OT1/ptm/m/
n/10 price queries, $\OT1/cmr/m/n/10 4\OML/cmm/m/it/10 :\OT1/cmr/m/n/10 8%$
 []


Underfull \hbox (badness 1354) in paragraph at lines 295--302
[]\OT1/ptm/m/n/10 For the ear-lier ex-plo-ration (Sec-tion 3[]) we used the
 []


Underfull \hbox (badness 2368) in paragraph at lines 295--302
\OT1/ptm/m/n/10 pub-lic bench-marks \OT1/ptm/b/n/10 CrossEn-ti-tyQA \OT1/ptm/m/
n/10 (our sparse multi-
 []


Underfull \hbox (badness 4518) in paragraph at lines 304--310
\OT1/ptm/m/n/10 Retrieval pools use $\OML/cmm/m/it/10 N  \OMS/cmsy/m/n/10 ^^T  
\OT1/cmr/m/n/10 1000$ \OT1/ptm/m/n/10 un-less noted; the
 []


Underfull \hbox (badness 3930) in paragraph at lines 304--310
\OT1/ptm/m/n/10 null is em-pir-i-cal. Gen-er-a-tion (Electronics-100K) uses
 []


Underfull \hbox (badness 1418) in paragraph at lines 304--310
\OT1/ptm/m/n/10 Re-call/Precision/F1 and mean $\OML/cmm/m/it/10 k[]$\OT1/ptm/m/
n/10 ; for end-to-end runs,
 []


Underfull \hbox (badness 2990) in paragraph at lines 323--335
 \OT1/ptm/b/n/10 HC in-side Adaptive-RAG (BM25). \OT1/ptm/m/n/10 On a keyword-
 []

[2] [3]
<figures/fig_embedding_numeric.png, id=25, 1004.553pt x 380.622pt>
File: figures/fig_embedding_numeric.png Graphic file (type png)
<use figures/fig_embedding_numeric.png>
Package pdftex.def Info: figures/fig_embedding_numeric.png  used on input line 
443.
(pdftex.def)             Requested size: 465.41786pt x 176.34853pt.

Underfull \hbox (badness 3396) in paragraph at lines 496--496
[]\OT1/ptm/m/n/10 Table 3: Per-group macro-F1 on Amazon-Compound.
 []


Underfull \hbox (badness 1629) in paragraph at lines 496--496
\OT1/cmr/m/n/10 0\OML/cmm/m/it/10 :\OT1/cmr/m/n/10 002$\OT1/ptm/m/n/10 ), and c
or-rectly leaves the 24 embedding-limited
 []

<figures/fig_null_calibration.png, id=27, 1184.2644pt x 673.0746pt>
File: figures/fig_null_calibration.png Graphic file (type png)
<use figures/fig_null_calibration.png>
Package pdftex.def Info: figures/fig_null_calibration.png  used on input line 5
20.
(pdftex.def)             Requested size: 227.42392pt x 129.25145pt.

Underfull \hbox (badness 1189) in paragraph at lines 557--557
[]\OT1/ptm/m/n/10 Table 4: Al-go-rithm com-par-i-son on Amazon-Compound
 []

<figures/fig_algcomp.png, id=28, 939.51pt x 433.62pt>
File: figures/fig_algcomp.png Graphic file (type png)
<use figures/fig_algcomp.png>
Package pdftex.def Info: figures/fig_algcomp.png  used on input line 563.
(pdftex.def)             Requested size: 239.39438pt x 110.48892pt.
<figures/fig_electronics_qa.png, id=29, 578.16pt x 361.35pt>
File: figures/fig_electronics_qa.png Graphic file (type png)
<use figures/fig_electronics_qa.png>
Package pdftex.def Info: figures/fig_electronics_qa.png  used on input line 583
.
(pdftex.def)             Requested size: 239.39438pt x 149.62111pt.

Underfull \hbox (badness 4341) in paragraph at lines 586--586
[]\OT1/ptm/m/n/10 Figure 6: Electronics-100K end-to-end gen-er-a-tion F1
 []

<figures/fig_signal_dilution.png, id=30, 932.283pt x 370.986pt>
File: figures/fig_signal_dilution.png Graphic file (type png)
<use figures/fig_signal_dilution.png>
Package pdftex.def Info: figures/fig_signal_dilution.png  used on input line 59
5.
(pdftex.def)             Requested size: 239.39438pt x 95.25964pt.

Underfull \hbox (badness 1184) in paragraph at lines 609--613
[]\OT1/ptm/b/n/10 A controlled-environment method-ol-ogy for HC. \OT1/ptm/m/n/1
0 A
 []

[4]
Underfull \hbox (badness 4036) in paragraph at lines 625--629
\OT1/ptm/m/n/10 in HC cut-offs in Adaptive-K, Adaptive-RAG, and
 []


Underfull \hbox (badness 1314) in paragraph at lines 636--641
 \OT1/ptm/b/n/10 When HC wins. \OT1/ptm/m/n/10 Sparse-relevance cor-pora with w
ell-
 []


Underfull \hbox (badness 2213) in paragraph at lines 636--641
\OT1/ptm/m/n/10 separated em-bed-dings and clus-tered rel-e-vant pas-sages,
 []


Underfull \vbox (badness 10000) has occurred while \output is active []

 [5 <./figures/fig_embedding_numeric.png> <./figures/fig_null_calibration.png> 
<./figures/fig_algcomp.png>]
Underfull \hbox (badness 3128) in paragraph at lines 666--666
[]\OT1/ptm/m/n/9 Illustrate at least one full RAG
 []


Underfull \hbox (badness 1448) in paragraph at lines 667--667
[]\OT1/ptm/m/n/9 Table of pipelines tried (con-cept,
 []


Overfull \hbox (2.45537pt too wide) in paragraph at lines 660--673
 [][] 
 []

(main_v2.bbl
Underfull \hbox (badness 2310) in paragraph at lines 42--47
[]\OT1/ptm/m/n/10 Jin, J.; Zhu, Y.; Yang, X.; Zhang, C.; and Dou, Z.
 []

[6 <./figures/fig_electronics_qa.png> <./figures/fig_signal_dilution.png>]
Underfull \hbox (badness 10000) in paragraph at lines 71--75
\OT1/pcr/m/n/10 https : / / github . com / facebookresearch /
 []

) [7

] [8


] (main_v2.aux)
 ***********
LaTeX2e <2025-11-01>
L3 programming layer <2025-12-24>
 ***********
 ) 
Here is how much of TeX's memory you used:
 2559 strings out of 467871
 40736 string characters out of 5418376
 464334 words of memory out of 5000000
 31401 multiletter control sequences out of 15000+600000
 653195 words of font info for 92 fonts, out of 8000000 for 9000
 1141 hyphenation exceptions out of 8191
 57i,11n,65p,222b,308s stack positions out of 10000i,1000n,20000p,200000b,200000s
<C:/Users/noham/AppData/Local/Programs/MiKTeX/fonts/type1/public/amsfonts/cm/
cmex10.pfb><C:/Users/noham/AppData/Local/Programs/MiKTeX/fonts/type1/public/ams
fonts/cm/cmmi10.pfb><C:/Users/noham/AppData/Local/Programs/MiKTeX/fonts/type1/p
ublic/amsfonts/cm/cmmi6.pfb><C:/Users/noham/AppData/Local/Programs/MiKTeX/fonts
/type1/public/amsfonts/cm/cmmi7.pfb><C:/Users/noham/AppData/Local/Programs/MiKT
eX/fonts/type1/public/amsfonts/cm/cmmi9.pfb><C:/Users/noham/AppData/Local/Progr
ams/MiKTeX/fonts/type1/public/amsfonts/cm/cmr10.pfb><C:/Users/noham/AppData/Loc
al/Programs/MiKTeX/fonts/type1/public/amsfonts/cm/cmr7.pfb><C:/Users/noham/AppD
ata/Local/Programs/MiKTeX/fonts/type1/public/amsfonts/cm/cmr9.pfb><C:/Users/noh
am/AppData/Local/Programs/MiKTeX/fonts/type1/public/amsfonts/cm/cmsy10.pfb><C:/
Users/noham/AppData/Local/Programs/MiKTeX/fonts/type1/public/amsfonts/cm/cmsy7.
pfb><C:/Users/noham/AppData/Local/Programs/MiKTeX/fonts/type1/urw/courier/ucrb8
a.pfb><C:/Users/noham/AppData/Local/Programs/MiKTeX/fonts/type1/urw/courier/ucr
r8a.pfb><C:/Users/noham/AppData/Local/Programs/MiKTeX/fonts/type1/urw/times/utm
b8a.pfb><C:/Users/noham/AppData/Local/Programs/MiKTeX/fonts/type1/urw/times/utm
r8a.pfb><C:/Users/noham/AppData/Local/Programs/MiKTeX/fonts/type1/urw/times/utm
ri8a.pfb>
Output written on main_v2.pdf (8 pages, 676339 bytes).
PDF statistics:
 116 PDF objects out of 1000 (max. 8388607)
 0 named destinations out of 1000 (max. 500000)
 26 words of extra memory for PDF output out of 10000 (max. 10000000)

